2025-10-13 16:51:58 - Log test
2025-10-14 09:06:00 - Log test
2025-11-08 10:14:30 - Log test
2025-11-12 10:24:37 - Log test
2025-11-13 23:09:18 - Log test
2025-11-21 23:23:23 - Log test
